
> my-web-app-english@0.0.0 build
> tsc -b && vite build

src/components/BackButton.tsx(2,27): error TS2307: Cannot find module 'lucide-react' or its corresponding type declarations.
src/components/Breadcrumbs.tsx(2,36): error TS2307: Cannot find module 'lucide-react' or its corresponding type declarations.
src/components/Layout.tsx(1,10): error TS1484: 'ReactNode' is a type and must be imported using a type-only import when 'verbatimModuleSyntax' is enabled.
src/components/navbar/Navbar.tsx(4,79): error TS2307: Cannot find module 'lucide-react' or its corresponding type declarations.
src/pages/PhraseDetail.tsx(8,49): error TS2307: Cannot find module 'lucide-react' or its corresponding type declarations.
src/pages/PhraseList.tsx(7,22): error TS2307: Cannot find module 'lucide-react' or its corresponding type declarations.
